2026-08-18 19:36:06,947 [MainThread  ] [DEBUG]  command line arguments: {'path_data': './data/cars_annos.mat', 'path_images': './data/', 'path_labels': './data/cars_meta.mat', 'path_model_checkpoint': None, 'model': 'ResNet18', 'checkpoint_frequency': None, 'number_of_classes': 4, 'epochs': 1, 'validation_frequency': 1, 'data_subset': 1.0, 'freeze_weights': True, 'scheduler_rate': 5.0, 'learning_rate': 0.01, 'batch_size': 4, 'learning_rate_scheduler': 0.2, 'weight_decay': 0.0001, 'momentum': 0.9, 'nesterov': True}
2026-08-18 19:36:06,947 [MainThread  ] [INFO ]  loading and preprocessing data
2026-08-18 19:36:06,947 [MainThread  ] [INFO ]  preprocessing data
2026-08-18 19:36:06,950 [MainThread  ] [INFO ]  loading pretrained model and establishing model characteristics
2026-08-18 19:36:06,950 [MainThread  ] [INFO ]  loading pretrained resnet model with 4 number of labels
2026-08-18 19:36:07,179 [MainThread  ] [INFO ]  tuning fc layer only
2026-08-18 19:36:07,181 [MainThread  ] [INFO ]  training model
2026-08-18 19:36:07,182 [MainThread  ] [INFO ]  starting training process
2026-08-18 19:36:07,183 [MainThread  ] [INFO ]  device being used: cpu
2026-08-18 19:36:07,183 [MainThread  ] [INFO ]  training data size: 28
2026-08-18 19:36:07,183 [MainThread  ] [INFO ]  validation data size: 4
2026-08-18 19:36:07,183 [MainThread  ] [INFO ]  training data label, unique count: (array([array([[1]], dtype=uint8), array([[2]], dtype=uint8),
       array([[3]], dtype=uint8), array([[4]], dtype=uint8)], dtype=object), array([7, 7, 7, 7]))
2026-08-18 19:36:07,185 [MainThread  ] [INFO ]  training data label, percentage: [0.25 0.25 0.25 0.25]
2026-08-18 19:36:07,185 [MainThread  ] [INFO ]  validation data label, unique count: (array([array([[1]], dtype=uint8), array([[2]], dtype=uint8),
       array([[3]], dtype=uint8), array([[4]], dtype=uint8)], dtype=object), array([1, 1, 1, 1]))
2026-08-18 19:36:07,187 [MainThread  ] [INFO ]  validation data label, percentage: [0.25 0.25 0.25 0.25]
2026-08-18 19:36:07,187 [MainThread  ] [INFO ]  epoch number: 0
2026-08-18 19:36:07,188 [MainThread  ] [DEBUG]  image: ./data/car_ims/004_001.jpg is a ['FakeCar 4'] with label 3
2026-08-18 19:36:07,188 [MainThread  ] [DEBUG]  Importing JpegImagePlugin
2026-08-18 19:36:07,196 [MainThread  ] [DEBUG]  image: ./data/car_ims/003_001.jpg is a ['FakeCar 3'] with label 2
2026-08-18 19:36:07,200 [MainThread  ] [DEBUG]  image: ./data/car_ims/001_005.jpg is a ['FakeCar 1'] with label 0
2026-08-18 19:36:07,205 [MainThread  ] [DEBUG]  image: ./data/car_ims/001_001.jpg is a ['FakeCar 1'] with label 0
2026-08-18 19:36:07,210 [MainThread  ] [DEBUG]  running forward and backward pass
2026-08-18 19:36:07,395 [MainThread  ] [DEBUG]  fraction of training data processed: 0.000000
2026-08-18 19:36:07,395 [MainThread  ] [DEBUG]  batch running training loss: 1.418443
2026-08-18 19:36:07,395 [MainThread  ] [DEBUG]  batch running training accuracy: 0.000000
2026-08-18 19:36:07,396 [MainThread  ] [DEBUG]  image: ./data/car_ims/002_006.jpg is a ['FakeCar 2'] with label 1
2026-08-18 19:36:07,399 [MainThread  ] [DEBUG]  image: ./data/car_ims/004_007.jpg is a ['FakeCar 4'] with label 3
2026-08-18 19:36:07,402 [MainThread  ] [DEBUG]  image: ./data/car_ims/004_006.jpg is a ['FakeCar 4'] with label 3
2026-08-18 19:36:07,405 [MainThread  ] [DEBUG]  image: ./data/car_ims/002_004.jpg is a ['FakeCar 2'] with label 1
2026-08-18 19:36:07,410 [MainThread  ] [DEBUG]  running forward and backward pass
2026-08-18 19:36:07,511 [MainThread  ] [DEBUG]  fraction of training data processed: 14.285714
2026-08-18 19:36:07,511 [MainThread  ] [DEBUG]  batch running training loss: 4.902542
2026-08-18 19:36:07,511 [MainThread  ] [DEBUG]  batch running training accuracy: 0.000000
2026-08-18 19:36:07,512 [MainThread  ] [DEBUG]  image: ./data/car_ims/002_005.jpg is a ['FakeCar 2'] with label 1
2026-08-18 19:36:07,515 [MainThread  ] [DEBUG]  image: ./data/car_ims/004_003.jpg is a ['FakeCar 4'] with label 3
2026-08-18 19:36:07,520 [MainThread  ] [DEBUG]  image: ./data/car_ims/001_006.jpg is a ['FakeCar 1'] with label 0
2026-08-18 19:36:07,524 [MainThread  ] [DEBUG]  image: ./data/car_ims/002_001.jpg is a ['FakeCar 2'] with label 1
2026-08-18 19:36:07,530 [MainThread  ] [DEBUG]  running forward and backward pass
2026-08-18 19:36:07,647 [MainThread  ] [DEBUG]  fraction of training data processed: 28.571429
2026-08-18 19:36:07,647 [MainThread  ] [DEBUG]  batch running training loss: 7.420267
2026-08-18 19:36:07,647 [MainThread  ] [DEBUG]  batch running training accuracy: 1.000000
2026-08-18 19:36:07,648 [MainThread  ] [DEBUG]  image: ./data/car_ims/004_005.jpg is a ['FakeCar 4'] with label 3
2026-08-18 19:36:07,651 [MainThread  ] [DEBUG]  image: ./data/car_ims/001_003.jpg is a ['FakeCar 1'] with label 0
2026-08-18 19:36:07,655 [MainThread  ] [DEBUG]  image: ./data/car_ims/003_004.jpg is a ['FakeCar 3'] with label 2
2026-08-18 19:36:07,659 [MainThread  ] [DEBUG]  image: ./data/car_ims/001_000.jpg is a ['FakeCar 1'] with label 0
2026-08-18 19:36:07,663 [MainThread  ] [DEBUG]  running forward and backward pass
2026-08-18 19:36:07,779 [MainThread  ] [DEBUG]  fraction of training data processed: 42.857143
2026-08-18 19:36:07,779 [MainThread  ] [DEBUG]  batch running training loss: 13.466941
2026-08-18 19:36:07,780 [MainThread  ] [DEBUG]  batch running training accuracy: 1.000000
2026-08-18 19:36:07,780 [MainThread  ] [DEBUG]  image: ./data/car_ims/001_002.jpg is a ['FakeCar 1'] with label 0
2026-08-18 19:36:07,784 [MainThread  ] [DEBUG]  image: ./data/car_ims/002_002.jpg is a ['FakeCar 2'] with label 1
2026-08-18 19:36:07,788 [MainThread  ] [DEBUG]  image: ./data/car_ims/003_006.jpg is a ['FakeCar 3'] with label 2
2026-08-18 19:36:07,792 [MainThread  ] [DEBUG]  image: ./data/car_ims/004_004.jpg is a ['FakeCar 4'] with label 3
2026-08-18 19:36:07,798 [MainThread  ] [DEBUG]  running forward and backward pass
2026-08-18 19:36:07,890 [MainThread  ] [DEBUG]  fraction of training data processed: 57.142857
2026-08-18 19:36:07,891 [MainThread  ] [DEBUG]  batch running training loss: 14.607238
2026-08-18 19:36:07,891 [MainThread  ] [DEBUG]  batch running training accuracy: 3.000000
2026-08-18 19:36:07,891 [MainThread  ] [DEBUG]  image: ./data/car_ims/004_000.jpg is a ['FakeCar 4'] with label 3
2026-08-18 19:36:07,897 [MainThread  ] [DEBUG]  image: ./data/car_ims/003_007.jpg is a ['FakeCar 3'] with label 2
2026-08-18 19:36:07,901 [MainThread  ] [DEBUG]  image: ./data/car_ims/001_007.jpg is a ['FakeCar 1'] with label 0
2026-08-18 19:36:07,906 [MainThread  ] [DEBUG]  image: ./data/car_ims/003_005.jpg is a ['FakeCar 3'] with label 2
2026-08-18 19:36:07,911 [MainThread  ] [DEBUG]  running forward and backward pass
2026-08-18 19:36:08,015 [MainThread  ] [DEBUG]  fraction of training data processed: 71.428571
2026-08-18 19:36:08,016 [MainThread  ] [DEBUG]  batch running training loss: 15.159313
2026-08-18 19:36:08,016 [MainThread  ] [DEBUG]  batch running training accuracy: 5.000000
2026-08-18 19:36:08,016 [MainThread  ] [DEBUG]  image: ./data/car_ims/002_000.jpg is a ['FakeCar 2'] with label 1
2026-08-18 19:36:08,020 [MainThread  ] [DEBUG]  image: ./data/car_ims/002_003.jpg is a ['FakeCar 2'] with label 1
2026-08-18 19:36:08,115 [MainThread  ] [DEBUG]  image: ./data/car_ims/003_002.jpg is a ['FakeCar 3'] with label 2
2026-08-18 19:36:08,120 [MainThread  ] [DEBUG]  image: ./data/car_ims/003_003.jpg is a ['FakeCar 3'] with label 2
2026-08-18 19:36:08,126 [MainThread  ] [DEBUG]  running forward and backward pass
2026-08-18 19:36:08,249 [MainThread  ] [DEBUG]  fraction of training data processed: 85.714286
2026-08-18 19:36:08,249 [MainThread  ] [DEBUG]  batch running training loss: 17.478056
2026-08-18 19:36:08,249 [MainThread  ] [DEBUG]  batch running training accuracy: 7.000000
2026-08-18 19:36:08,251 [MainThread  ] [INFO ]  Epoch: training Weigthed F1-Score: 0.2456, Loss: 0.6242 Acc: 0.2500 
2026-08-18 19:36:08,251 [MainThread  ] [DEBUG]  current learning rate: 0.010000
2026-08-18 19:36:08,252 [MainThread  ] [INFO ]  validating model
2026-08-18 19:36:08,252 [MainThread  ] [DEBUG]  image: ./data/car_ims/004_002.jpg is a ['FakeCar 4'] with label 3
2026-08-18 19:36:08,258 [MainThread  ] [DEBUG]  image: ./data/car_ims/003_000.jpg is a ['FakeCar 3'] with label 2
2026-08-18 19:36:08,264 [MainThread  ] [DEBUG]  image: ./data/car_ims/002_007.jpg is a ['FakeCar 2'] with label 1
2026-08-18 19:36:08,268 [MainThread  ] [DEBUG]  image: ./data/car_ims/001_004.jpg is a ['FakeCar 1'] with label 0
2026-08-18 19:36:08,275 [MainThread  ] [DEBUG]  running forward and backward pass
2026-08-18 19:36:08,369 [MainThread  ] [DEBUG]  fraction of validation data processed: 0.000000
2026-08-18 19:36:08,369 [MainThread  ] [DEBUG]  batch running validation loss: 1.374101
2026-08-18 19:36:08,370 [MainThread  ] [DEBUG]  batch running validation accuracy: 1.000000
2026-08-18 19:36:08,371 [MainThread  ] [INFO ]  confusion matrix:
 [[0. 1. 0. 0.]
 [0. 0. 1. 0.]
 [0. 0. 1. 0.]
 [0. 0. 1. 0.]]
2026-08-18 19:36:08,373 [MainThread  ] [INFO ]  Epoch: validation F1-Score: 0.1250, Loss: 0.3435 Acc: 0.2500
2026-08-18 19:36:08,373 [MainThread  ] [INFO ]  metric accuracy=0.25
2026-08-18 19:36:08,373 [MainThread  ] [INFO ]  Finished Training
