2026-08-18 19:53:13,949 [MainThread  ] [DEBUG]  command line arguments: {'path_data': './data/cars_annos.mat', 'path_images': './data/', 'path_labels': './data/cars_meta.mat', 'path_model_checkpoint': None, 'model': 'ResNet18', 'checkpoint_frequency': None, 'number_of_classes': 4, 'epochs': 1, 'validation_frequency': 1, 'data_subset': 1.0, 'freeze_weights': True, 'scheduler_rate': 5.0, 'learning_rate': 0.01, 'batch_size': 4, 'learning_rate_scheduler': 0.2, 'weight_decay': 0.0001, 'momentum': 0.9, 'nesterov': True}
2026-08-18 19:53:13,949 [MainThread  ] [INFO ]  loading and preprocessing data
2026-08-18 19:53:13,949 [MainThread  ] [INFO ]  preprocessing data
2026-08-18 19:53:13,954 [MainThread  ] [INFO ]  loading pretrained model and establishing model characteristics
2026-08-18 19:53:13,954 [MainThread  ] [INFO ]  loading pretrained resnet model with 4 number of labels
2026-08-18 19:53:14,217 [MainThread  ] [INFO ]  tuning fc layer only
2026-08-18 19:53:14,220 [MainThread  ] [INFO ]  training model
2026-08-18 19:53:14,221 [MainThread  ] [INFO ]  starting training process
2026-08-18 19:53:14,221 [MainThread  ] [INFO ]  device being used: cpu
2026-08-18 19:53:14,221 [MainThread  ] [INFO ]  training data size: 28
2026-08-18 19:53:14,221 [MainThread  ] [INFO ]  validation data size: 4
2026-08-18 19:53:14,222 [MainThread  ] [INFO ]  training data label, unique count: (array([array([[1]], dtype=uint8), array([[2]], dtype=uint8),
       array([[3]], dtype=uint8), array([[4]], dtype=uint8)], dtype=object), array([7, 7, 7, 7]))
2026-08-18 19:53:14,224 [MainThread  ] [INFO ]  training data label, percentage: [0.25 0.25 0.25 0.25]
2026-08-18 19:53:14,225 [MainThread  ] [INFO ]  validation data label, unique count: (array([array([[1]], dtype=uint8), array([[2]], dtype=uint8),
       array([[3]], dtype=uint8), array([[4]], dtype=uint8)], dtype=object), array([1, 1, 1, 1]))
2026-08-18 19:53:14,226 [MainThread  ] [INFO ]  validation data label, percentage: [0.25 0.25 0.25 0.25]
2026-08-18 19:53:14,227 [MainThread  ] [INFO ]  epoch number: 0
2026-08-18 19:53:14,228 [MainThread  ] [DEBUG]  image: ./data/car_ims/004_007.jpg is a ['FakeCar 4'] with label 3
2026-08-18 19:53:14,229 [MainThread  ] [DEBUG]  Importing JpegImagePlugin
2026-08-18 19:53:14,238 [MainThread  ] [DEBUG]  image: ./data/car_ims/003_000.jpg is a ['FakeCar 3'] with label 2
2026-08-18 19:53:14,242 [MainThread  ] [DEBUG]  image: ./data/car_ims/002_003.jpg is a ['FakeCar 2'] with label 1
2026-08-18 19:53:14,247 [MainThread  ] [DEBUG]  image: ./data/car_ims/002_002.jpg is a ['FakeCar 2'] with label 1
2026-08-18 19:53:14,252 [MainThread  ] [DEBUG]  running forward and backward pass
2026-08-18 19:53:14,401 [MainThread  ] [DEBUG]  fraction of training data processed: 0.000000
2026-08-18 19:53:14,401 [MainThread  ] [DEBUG]  batch running training loss: 1.434318
2026-08-18 19:53:14,401 [MainThread  ] [DEBUG]  batch running training accuracy: 2.000000
2026-08-18 19:53:14,402 [MainThread  ] [DEBUG]  image: ./data/car_ims/002_006.jpg is a ['FakeCar 2'] with label 1
2026-08-18 19:53:14,405 [MainThread  ] [DEBUG]  image: ./data/car_ims/002_000.jpg is a ['FakeCar 2'] with label 1
2026-08-18 19:53:14,409 [MainThread  ] [DEBUG]  image: ./data/car_ims/003_005.jpg is a ['FakeCar 3'] with label 2
2026-08-18 19:53:14,413 [MainThread  ] [DEBUG]  image: ./data/car_ims/003_006.jpg is a ['FakeCar 3'] with label 2
2026-08-18 19:53:14,418 [MainThread  ] [DEBUG]  running forward and backward pass
2026-08-18 19:53:14,512 [MainThread  ] [DEBUG]  fraction of training data processed: 14.285714
2026-08-18 19:53:14,512 [MainThread  ] [DEBUG]  batch running training loss: 2.251482
2026-08-18 19:53:14,512 [MainThread  ] [DEBUG]  batch running training accuracy: 5.000000
2026-08-18 19:53:14,513 [MainThread  ] [DEBUG]  image: ./data/car_ims/002_004.jpg is a ['FakeCar 2'] with label 1
2026-08-18 19:53:14,517 [MainThread  ] [DEBUG]  image: ./data/car_ims/004_003.jpg is a ['FakeCar 4'] with label 3
2026-08-18 19:53:14,522 [MainThread  ] [DEBUG]  image: ./data/car_ims/001_007.jpg is a ['FakeCar 1'] with label 0
2026-08-18 19:53:14,529 [MainThread  ] [DEBUG]  image: ./data/car_ims/004_000.jpg is a ['FakeCar 4'] with label 3
2026-08-18 19:53:14,537 [MainThread  ] [DEBUG]  running forward and backward pass
2026-08-18 19:53:14,668 [MainThread  ] [DEBUG]  fraction of training data processed: 28.571429
2026-08-18 19:53:14,668 [MainThread  ] [DEBUG]  batch running training loss: 5.617042
2026-08-18 19:53:14,668 [MainThread  ] [DEBUG]  batch running training accuracy: 6.000000
2026-08-18 19:53:14,668 [MainThread  ] [DEBUG]  image: ./data/car_ims/001_005.jpg is a ['FakeCar 1'] with label 0
2026-08-18 19:53:14,674 [MainThread  ] [DEBUG]  image: ./data/car_ims/001_002.jpg is a ['FakeCar 1'] with label 0
2026-08-18 19:53:14,679 [MainThread  ] [DEBUG]  image: ./data/car_ims/004_001.jpg is a ['FakeCar 4'] with label 3
2026-08-18 19:53:14,685 [MainThread  ] [DEBUG]  image: ./data/car_ims/003_004.jpg is a ['FakeCar 3'] with label 2
2026-08-18 19:53:14,691 [MainThread  ] [DEBUG]  running forward and backward pass
2026-08-18 19:53:14,795 [MainThread  ] [DEBUG]  fraction of training data processed: 42.857143
2026-08-18 19:53:14,795 [MainThread  ] [DEBUG]  batch running training loss: 8.048623
2026-08-18 19:53:14,796 [MainThread  ] [DEBUG]  batch running training accuracy: 7.000000
2026-08-18 19:53:14,796 [MainThread  ] [DEBUG]  image: ./data/car_ims/004_004.jpg is a ['FakeCar 4'] with label 3
2026-08-18 19:53:14,802 [MainThread  ] [DEBUG]  image: ./data/car_ims/003_003.jpg is a ['FakeCar 3'] with label 2
2026-08-18 19:53:14,806 [MainThread  ] [DEBUG]  image: ./data/car_ims/004_002.jpg is a ['FakeCar 4'] with label 3
2026-08-18 19:53:14,812 [MainThread  ] [DEBUG]  image: ./data/car_ims/001_000.jpg is a ['FakeCar 1'] with label 0
2026-08-18 19:53:14,818 [MainThread  ] [DEBUG]  running forward and backward pass
2026-08-18 19:53:14,921 [MainThread  ] [DEBUG]  fraction of training data processed: 57.142857
2026-08-18 19:53:14,921 [MainThread  ] [DEBUG]  batch running training loss: 10.231069
2026-08-18 19:53:14,921 [MainThread  ] [DEBUG]  batch running training accuracy: 8.000000
2026-08-18 19:53:14,921 [MainThread  ] [DEBUG]  image: ./data/car_ims/002_005.jpg is a ['FakeCar 2'] with label 1
2026-08-18 19:53:14,926 [MainThread  ] [DEBUG]  image: ./data/car_ims/003_001.jpg is a ['FakeCar 3'] with label 2
2026-08-18 19:53:14,932 [MainThread  ] [DEBUG]  image: ./data/car_ims/001_001.jpg is a ['FakeCar 1'] with label 0
2026-08-18 19:53:14,937 [MainThread  ] [DEBUG]  image: ./data/car_ims/003_007.jpg is a ['FakeCar 3'] with label 2
2026-08-18 19:53:14,944 [MainThread  ] [DEBUG]  running forward and backward pass
2026-08-18 19:53:15,063 [MainThread  ] [DEBUG]  fraction of training data processed: 71.428571
2026-08-18 19:53:15,063 [MainThread  ] [DEBUG]  batch running training loss: 12.997173
2026-08-18 19:53:15,063 [MainThread  ] [DEBUG]  batch running training accuracy: 9.000000
2026-08-18 19:53:15,064 [MainThread  ] [DEBUG]  image: ./data/car_ims/001_003.jpg is a ['FakeCar 1'] with label 0
2026-08-18 19:53:15,071 [MainThread  ] [DEBUG]  image: ./data/car_ims/004_006.jpg is a ['FakeCar 4'] with label 3
2026-08-18 19:53:15,078 [MainThread  ] [DEBUG]  image: ./data/car_ims/002_001.jpg is a ['FakeCar 2'] with label 1
2026-08-18 19:53:15,086 [MainThread  ] [DEBUG]  image: ./data/car_ims/001_004.jpg is a ['FakeCar 1'] with label 0
2026-08-18 19:53:15,092 [MainThread  ] [DEBUG]  running forward and backward pass
2026-08-18 19:53:15,220 [MainThread  ] [DEBUG]  fraction of training data processed: 85.714286
2026-08-18 19:53:15,221 [MainThread  ] [DEBUG]  batch running training loss: 17.287674
2026-08-18 19:53:15,221 [MainThread  ] [DEBUG]  batch running training accuracy: 9.000000
2026-08-18 19:53:15,223 [MainThread  ] [INFO ]  Epoch: training Weigthed F1-Score: 0.3046, Loss: 0.6174 Acc: 0.3214 
2026-08-18 19:53:15,223 [MainThread  ] [DEBUG]  current learning rate: 0.010000
2026-08-18 19:53:15,223 [MainThread  ] [INFO ]  validating model
2026-08-18 19:53:15,224 [MainThread  ] [DEBUG]  image: ./data/car_ims/003_002.jpg is a ['FakeCar 3'] with label 2
2026-08-18 19:53:15,230 [MainThread  ] [DEBUG]  image: ./data/car_ims/002_007.jpg is a ['FakeCar 2'] with label 1
2026-08-18 19:53:15,236 [MainThread  ] [DEBUG]  image: ./data/car_ims/004_005.jpg is a ['FakeCar 4'] with label 3
2026-08-18 19:53:15,241 [MainThread  ] [DEBUG]  image: ./data/car_ims/001_006.jpg is a ['FakeCar 1'] with label 0
2026-08-18 19:53:15,245 [MainThread  ] [DEBUG]  running forward and backward pass
2026-08-18 19:53:15,373 [MainThread  ] [DEBUG]  fraction of validation data processed: 0.000000
2026-08-18 19:53:15,373 [MainThread  ] [DEBUG]  batch running validation loss: 1.840214
2026-08-18 19:53:15,373 [MainThread  ] [DEBUG]  batch running validation accuracy: 1.000000
2026-08-18 19:53:15,375 [MainThread  ] [INFO ]  confusion matrix:
 [[1. 0. 0. 0.]
 [1. 0. 0. 0.]
 [1. 0. 0. 0.]
 [1. 0. 0. 0.]]
2026-08-18 19:53:15,378 [MainThread  ] [INFO ]  Epoch: validation F1-Score: 0.1000, Loss: 0.4601 Acc: 0.2500
2026-08-18 19:53:15,378 [MainThread  ] [INFO ]  metric accuracy=0.25
2026-08-18 19:53:15,378 [MainThread  ] [INFO ]  Finished Training
